 .sProgram
   .sIdentifier
   .sIdentifier
  % .sNewLine
  .sParmEnd
  .sBegin
    .sVar
     .sIdentifier
     .sInitialValue
         .sInteger
    % .sNewLine
    .sAssignmentStmt
    .sIdentifier
    .sIdentifier
        .sInteger
    .sDivide
    .sExpnEnd
    % .sNewLine
  .sEnd
