semantic error, line 7: identifier not declared semantic error, line 7: expression operand required
