semantic error, line 10: identifier not declared semantic error, line 10: procedure name required
