 .sProgram
  .sIdentifier
  .sIdentifier
  % .sNewLine
  .sParmEnd
  .sBegin
  .sVar
   .sIdentifier
   .sArray
   .sInteger
     .sFile
     .sLike
      .sInteger
  .sEnd
