 .sProgram
  .sIdentifier
  .sIdentifier
  % .sNewLine
  .sParmEnd
  .sBegin
  .sVar
   .sIdentifier
     .sArray
     .sInteger
     .sLike
      .sInteger
  .sEnd
