 .sProgram
   .sIdentifier
   .sIdentifier
  % .sNewLine
  .sParmEnd
  .sBegin
     .sVar
      .sIdentifier
        .sLike
        #eUnexpectedToken