 .sProgram
  .sIdentifier
  .sIdentifier
  % .sNewLine
  .sParmEnd
  .sBegin
  .sVar
   .sIdentifier
   .sInitialValue
        .sInteger
        .sExpnEnd
  .sEnd
