 sProgram
 sIdentifier <identifier index for 'output'>
 sParmEnd
 sBegin
    stringLiteral "DeclarationAndStatements"
 sEnd