   .tFileDescriptor
   .tLiteralInteger
   .tFileBind
   .tLiteralAddress
   .tStoreInteger
 .tTrapBegin
 .tTrap
