  .pIdentifier
  % Output token text 'get'
 .pNewLine
 .pEndFile
