.pIdentifier
% Output token text 'getin'
.pNewLine
.pEndFile
