   .tFileDescriptor
   .tLiteralInteger
   oEmitValue
   % value emitted 2
   .tFileBind
   .tLiteralAddress
   oEmitDataAddress
   % value emitted 0
   .tStoreInteger
     .tSkipString
     oEmitNullAddress
     % value emitted -32767
     .tStringData
     oEmitValue
     % value emitted 5
     oEmitString
     % value emitted 72
     % value emitted 101
     % value emitted 108
     % value emitted 108
     % value emitted 111
     % value emitted 0
    .tLiteralAddress
    .tFetchChar
    oEmitValue
    % value emitted 15
 .tTrapBegin
 .tTrap
 oEmitTrapKind(trHalt)
 % value emitted 0
