   .tFileDescriptor
   .tLiteralInteger
   oEmitValue
   % value emitted 2
   .tFileBind
   .tLiteralAddress
   oEmitDataAddress
   % value emitted 0
   .tStoreInteger
   .tIfBegin
       .tLiteralInteger
       oEmitValue
       % value emitted 6
       .tLiteralInteger
       oEmitValue
       % value emitted 5
      .tGT
   .tIfThen
   oEmitNullAddress
   % value emitted -32767
      .tWriteBegin
        .tTrapBegin
        .tLiteralAddress
        oEmitValue
        % value emitted 0
        .tVarParm
        .tParmEnd
          .tLiteralInteger
          oEmitValue
          % value emitted 1
        .tParmEnd
         .tLiteralInteger
         oEmitValue
         % value emitted 10
         .tParmEnd
         .tTrap
         oEmitTrapKind(trWriteInteger)
         % value emitted 8
       .tWriteEnd
   .tIfEnd
 .tTrapBegin
 .tTrap
 oEmitTrapKind(trHalt)
 % value emitted 0
