   .tFileDescriptor
   .tLiteralInteger
   oEmitValue
   % value emitted 2
   .tFileBind
   .tLiteralAddress
   oEmitDataAddress
   % value emitted 0
   .tStoreInteger
     .tSkipString
     oEmitNullAddress
     % value emitted -32767
     .tStringData
     oEmitValue
     % value emitted 5
     oEmitString
     % value emitted 104
     % value emitted 101
     % value emitted 108
     % value emitted 108
     % value emitted 111
     % value emitted 0
    .tLiteralAddress
    .tFetchChar
    oEmitValue
    % value emitted 15
     .tSkipString
     oEmitNullAddress
     % value emitted -32767
     .tStringData
     oEmitValue
     % value emitted 5
     oEmitString
     % value emitted 104
     % value emitted 101
     % value emitted 108
     % value emitted 108
     % value emitted 111
     % value emitted 0
    .tLiteralAddress
    .tFetchChar
    oEmitValue
    % value emitted 30
   .tIfBegin
       .tLiteralAddress
       .tFetchChar
       oEmitValue
       % value emitted 15
       .tLiteralAddress
       .tFetchChar
       oEmitValue
       % value emitted 30
      .tStringEQ
   .tIfThen
   oEmitNullAddress
   % value emitted -32767
      .tWriteBegin
        .tTrapBegin
        .tLiteralAddress
        oEmitValue
        % value emitted 0
        .tVarParm
        .tParmEnd
          .tLiteralInteger
          oEmitValue
          % value emitted 1
        .tParmEnd
         .tLiteralInteger
         oEmitValue
         % value emitted 10
         .tParmEnd
         .tTrap
         oEmitTrapKind(trWriteInteger)
         % value emitted 8
       .tWriteEnd
   .tIfEnd
 .tTrapBegin
 .tTrap
 oEmitTrapKind(trHalt)
 % value emitted 0
