.tFileDescriptor .tLiteralInteger .tFileBind .tLiteralAddress .tStoreInteger .tInitialValue .tSkipString .tStringData .tLiteralAddress .tFetchChar .tSkipString .tStringData .tLiteralAddress .tFetchChar .tConcatenate .tInitEnd .tLiteralAddress .tStoreChar .tTrapBegin .tTrap
