   .tFileDescriptor
   .tLiteralInteger
   oEmitValue
   % value emitted 1
   .tFileBind
   .tLiteralAddress
   oEmitDataAddress
   % value emitted 0
   .tStoreInteger
     .tSkipString
     oEmitNullAddress
     % value emitted -32767
     .tStringData
     oEmitValue
     % value emitted 5
     oEmitString
     % value emitted 72
     % value emitted 101
     % value emitted 108
     % value emitted 108
     % value emitted 111
     % value emitted 0
    .tLiteralAddress
    .tFetchChar
    oEmitValue
    % value emitted 15
     .tSkipString
     oEmitNullAddress
     % value emitted -32767
     .tStringData
     oEmitValue
     % value emitted 5
     oEmitString
     % value emitted 87
     % value emitted 111
     % value emitted 114
     % value emitted 108
     % value emitted 100
     % value emitted 0
    .tLiteralAddress
    .tFetchChar
    oEmitValue
    % value emitted 30
   .tInitialValue
      .tLiteralAddress
      .tFetchChar
      oEmitValue
      % value emitted 15
      .tLiteralAddress
      .tFetchChar
      oEmitValue
      % value emitted 30
     .tConcatenate
   .tInitEnd
   .tLiteralAddress
    .tStoreChar
 .tTrapBegin
 .tTrap
 oEmitTrapKind(trHalt)
 % value emitted 0
