   .tFileDescriptor
   .tLiteralInteger
   oEmitValue
   % value emitted 1
   .tFileBind
   .tLiteralAddress
   oEmitDataAddress
   % value emitted 0
   .tStoreInteger
   .tInitialValue
      .tSkipString
      oEmitNullAddress
      % value emitted -32767
      .tStringData
      oEmitValue
      % value emitted 11
      oEmitString
      % value emitted 72
      % value emitted 101
      % value emitted 108
      % value emitted 108
      % value emitted 111
      % value emitted 32
      % value emitted 87
      % value emitted 111
      % value emitted 114
      % value emitted 108
      % value emitted 100
      % value emitted 0
     oEmitNullAddress
     % value emitted -32767
     .tLiteralAddress
     .tFetchChar
     oEmitValue
     % value emitted 16
      .tSkipString
      oEmitNullAddress
      % value emitted -32767
      .tStringData
      oEmitValue
      % value emitted 6
      oEmitString
      % value emitted 115
      % value emitted 116
      % value emitted 114
      % value emitted 105
      % value emitted 110
      % value emitted 103
      % value emitted 0
     oEmitNullAddress
     % value emitted -32767
     .tLiteralAddress
     .tFetchChar
     oEmitValue
     % value emitted 36
     .tLiteralInteger
     oEmitValue
     % value emitted 5
     .tSubstring
     #eTypeMismatch
   .tInitEnd
   .tLiteralAddress
    .tStoreChar
 .tTrapBegin
 .tTrap
 oEmitTrapKind(trHalt)
 % value emitted 0
