 % Output obtained by running
 ssltrace "ptc -o1 -t1 -L lib/pt test/multi_comment.pt" lib/pt/scan.def -e
 
  .pEndFile