 #eIllegalChar
  .pIdentifier
  % Output token text 'hello'
 #eIllegalChar
 .pNewLine
 .pEndFile
