 .sProgram
   .sIdentifier
   .sIdentifier
  % .sNewLine
  .sParmEnd
  .sBegin
    .sProcedure
     .sIdentifier
        .sIdentifier
         .sLike
         .sInteger
         .sIdentifier
        .sVar
         .sLike
         .sStringLiteral
    % .sNewLine
    .sParmEnd
     .sBegin
       .sVar
        .sIdentifier
        .sInitialValue
            .sInteger
       % .sNewLine
     .sEnd
  .sEnd
