 .sProgram
  .sIdentifier
  .sIdentifier
  % .sNewLine
  .sParmEnd
  .sBegin
  .sProcedure
  .sIdentifier
   % .sNewLine
   .sParmEnd
   .sBegin
   .sVar
    .sIdentifier
    .sInitialValue
         .sInteger
    % .sNewLine
   .sEnd
  .sEnd
