   .tFileDescriptor
   .tLiteralInteger
   oEmitValue
   % value emitted 1
   .tFileBind
   .tLiteralAddress
   oEmitDataAddress
   % value emitted 0
   .tStoreInteger
   .tFileDescriptor
   .tLiteralInteger
   oEmitValue
   % value emitted 2
   .tFileBind
   .tLiteralAddress
   oEmitDataAddress
   % value emitted 4
   .tStoreInteger
     .tSkipProc
     oEmitNullAddress
     % value emitted -32767
       .tParmEnd
     .tProcedureEnd
 .tTrapBegin
 .tTrap
 oEmitTrapKind(trHalt)
 % value emitted 0
