 .sProgram
 .sIdentifier 
 .sIdentifier
 .sParmEnd
 .sBegin
 .sEnd