 .sProgram
   .sIdentifier
  % .sNewLine
  .sParmEnd
  .sBegin
     #eUnexpectedToken
