  .pIdentifier
  % Output token text 'array'
 .pEndFile
