  .pStringLiteral
  % Output token text ''
 .pEndFile
