  .pStringLiteral
  % Output token text 'kj'
  .pAlmostEndFile
 .pEndFile
