  .pStringLiteral
  % Output token text 'kj'
 .pEndFile
